// Jest Snapshot v1, https://goo.gl/fbAQLP

exports[`测试配置文件有没有更改 1`] = `
{
  "port": 8080,
  "url": "http://localhost:3000",
}
`;
